# *** Summary *********************************************
#     qrun: Errors:   0, Warnings:   0
#     vlog: Errors:   0, Warnings:   0
#     vopt: Errors:   0, Warnings:   3
#   Totals: Errors:   0, Warnings:   3
# ** Note: (vsim-220) 'C:/lscc/radiant/2026.1/questasim/win64/../modelsim.ini' is used as the ini file.
# vsim -L work -L pmi_work -L ovi_ice40up -lib qrun.out/work -wlf vsim.wlf -gui -do "view wave" -do "add wave /*" -do "run 100 ns" -statslog qrun.out/stats_log qrun_opt -suppress vsim-7033,vsim-8630,3009,3389 -appendlog -l qrun.log 
# Start time: 10:03:04 on Sep 16,2026
# Loading sv_std.std
# Loading work.scanner_tb(fast)
# Loading work.scanner(fast)
# Loading work.counter(fast)
# Loading work.counter(fast__1)
# view wave
# .main_pane.wave.interior.cs.body.pw.wf
# add wave /*
# run 100 ns
# PASSED! The scanner resets to row 0 as desired at time: 22.
restart -f
# Loading work.scanner_tb(fast)
# Loading work.scanner(fast)
# Loading work.counter(fast)
# Loading work.counter(fast__1)
run -all
# PASSED! The scanner resets to row 0 as desired at time: 22.
# PASSED! The scanner holds while disabled at time: 166.
# PASSED! The scanner advances to row 1 at time: 216.
# PASSED! The scanner advances to row 2 at time: 266.
# PASSED! The scanner advances to row 3 at time: 316.
# PASSED! The scanner wraps back to row 0 at time: 366.
# PASSED! The scanner stops when disabled at time: 436.
# PASSED! The scanner resets while running at time: 517.
# ** Note: $stop    : C:/Users/gmenendezdealencar/Documents/GitHub/hmc-e155-portfolio/labFiles/lab2/fpga/sim/scanner_tb.sv(107)
#    Time: 617 ns  Iteration: 0  Instance: /scanner_tb
# Break in Module scanner_tb at C:/Users/gmenendezdealencar/Documents/GitHub/hmc-e155-portfolio/labFiles/lab2/fpga/sim/scanner_tb.sv line 107
# Causality operation skipped due to absence of debug database file
# End time: 10:06:59 on Sep 16,2026, Elapsed time: 0:03:55
# Errors: 0, Warnings: 0
