Lattice Timing Report -  Setup  and Hold, Version Radiant Software (64-bit) 2026.1.0.37.0

Tue Sep 15 14:47:58 2026

Copyright (c) 1991-1994 by NeoCAD Inc. All rights reserved.
Copyright (c) 1995 AT&T Corp.   All rights reserved.
Copyright (c) 1995-2001 Lucent Technologies Inc.  All rights reserved.
Copyright (c) 2001 Agere Systems   All rights reserved.
Copyright (c) 2002-2026 Lattice Semiconductor Corporation,  All rights reserved.

Command line:    timing -sethld -v 10 -u 10 -endpoints 10 -nperend 1 -sp High-Performance_1.2V -hsp m -pwrprd -html -rpt lab1_GA_impl_1.twr lab1_GA_impl_1.udb -gui -msgset C:/Users/GMENENDEZDEALENCAR/Documents/GitHub/hmc-e155-portfolio/labFiles/lab1/lab1_GA/promote.xml

-----------------------------------------
Design:          lab1_GA
Family:          iCE40UP
Device:          iCE40UP5K
Package:         SG48
Performance:     High-Performance_1.2V
Package Status:                     Preliminary    Version 1.5
**Performance Hardware Data Status :   Advanced Version 1.0
-----------------------------------------


=====================================================================
                    Table of Contents
=====================================================================
    1  Timing Overview
        1.1  SDC Constraints
        1.2  Constraint Coverage
        1.3  Overall Summary
        1.4  Unconstrained Report
        1.5  Combinational Loop
    2  Setup at Speed Grade High-Performance_1.2V Corner at 100 Degrees
        2.1  Clock Summary
        2.2  Endpoint slacks
        2.3  Detailed Report
    3  Hold at Speed Grade m Corner at -40 Degrees
        3.1  Endpoint slacks
        3.2  Detailed Report

=====================================================================
                    End of Table of Contents
=====================================================================

==============================================
1  Timing Overview
==============================================

1.1  SDC Constraints
=====================
create_clock -name {clk} -period 20.8333 [get_pins {hf_osc/CLKHF }] 

1.2  Constraint Coverage
---------------------------
Constraint Coverage: 64.1026%


1.3  Overall Summary
---------------------------
 Setup at Speed Grade High-Performance_1.2V Corner at 100 Degrees     Timing Errors: 0 endpoints;  Total Negative Slack: 0.000 ns 
 Hold at Speed Grade m Corner at -40 Degrees                          Timing Errors: 0 endpoints;  Total Negative Slack: 0.000 ns 

1.4  Unconstrained Report
===========================

1.4.1  Unconstrained Start/End Points
--------------------------------------

Clocked but unconstrained timing start points
--------------------------------------------------
There is no start point satisfying reporting criteria


Clocked but unconstrained timing end points
--------------------------------------------------
There is no end point satisfying reporting criteria


1.4.2  Start/End Points Without Timing Constraints
---------------------------------------------------

I/O ports without constraint
----------------------------
Possible constraints to use on I/O ports are:
set_input_delay,
set_output_delay,
set_max_delay,
create_clock,
create_generated_clock,
...

-------------------------------------------------------------------
     Listing 10 Start or End Points     |           Type           
-------------------------------------------------------------------
s[3]                                    |                     input
s[2]                                    |                     input
s[1]                                    |                     input
s[0]                                    |                     input
led[2]                                  |                    output
led[1]                                  |                    output
led[0]                                  |                    output
seg[6]                                  |                    output
seg[5]                                  |                    output
seg[4]                                  |                    output
-------------------------------------------------------------------
                                        |                          
Number of I/O ports without constraint  |                        14
                                        |                          
-------------------------------------------------------------------

Nets without clock definition
Define a clock on a top level port or a generated clock on a clock divider pin associated with this net(s).
--------------------------------------------------
There is no instance satisfying reporting criteria



1.5  Combinational Loop
========================
None

===============================================================
2  Setup at Speed Grade High-Performance_1.2V Corner at 100 Degrees
===============================================================

2.1  Clock Summary
=======================

2.1.1 Clock "clk"
=======================
create_clock -name {clk} -period 20.8333 [get_pins {hf_osc/CLKHF }] 

Single Clock Domain
-------------------------------------------------------------------------------------------------------
               Clock clk                |                    |       Period       |     Frequency      
-------------------------------------------------------------------------------------------------------
 From clk                               |             Target |          20.833 ns |         48.000 MHz 
                                        | Actual (all paths) |          20.792 ns |         48.095 MHz 
hf_osc/CLKHF (MPW)                      |   (50% duty cycle) |          20.792 ns |         48.095 MHz 
-------------------------------------------------------------------------------------------------------

Clock Domain Crossing

2.2  Endpoint slacks
=======================
-------------------------------------------------------
          Listing 10 End Points          |    Slack    
-------------------------------------------------------
{u_counter/count_50__i7/SR   u_counter/count_50__i8/SR}              
                                         |    5.593 ns 
{u_counter/count_50__i9/SR   u_counter/count_50__i10/SR}              
                                         |    5.593 ns 
{u_counter/count_50__i11/SR   u_counter/count_50__i12/SR}              
                                         |    5.593 ns 
{u_counter/count_50__i13/SR   u_counter/count_50__i14/SR}              
                                         |    5.593 ns 
u_counter/count_50__i25/SR               |    6.188 ns 
{u_counter/count_50__i23/SR   u_counter/count_50__i24/SR}              
                                         |    6.188 ns 
u_counter/count_50__i0/SR                |    6.439 ns 
{u_counter/count_50__i1/SR   u_counter/count_50__i2/SR}              
                                         |    6.439 ns 
{u_counter/count_50__i3/SR   u_counter/count_50__i4/SR}              
                                         |    6.439 ns 
{u_counter/count_50__i5/SR   u_counter/count_50__i6/SR}              
                                         |    6.439 ns 
-------------------------------------------------------
                                         |             
Setup # of endpoints with negative slack:|           0 
                                         |             
-------------------------------------------------------

2.3  Detailed Report
=======================


XXXXXXXXXXXXXXXXXXXXXXXXXXXXXXXXXXXXXXXXXXXXXXXXXXXXXXXXXX

Detail report of critical paths

XXXXXXXXXXXXXXXXXXXXXXXXXXXXXXXXXXXXXXXXXXXXXXXXXXXXXXXXXX

+++++++++++++++++++++++++++++++++++++++++++++++++++++++++++++++++++++ 
                    Detailed Report for timing paths 
+++++++++++++++++++++++++++++++++++++++++++++++++++++++++++++++++++++ 

++++ Path 1 ++++++++++++++++++++++++++++++++++++++++++++++++++++++++++ 

Path Begin       : u_counter/count_50__i1/Q  (SLICE_R16C4B)
Path End         : {u_counter/count_50__i7/SR   u_counter/count_50__i8/SR}  (SLICE_R16C5A)
Source Clock     : clk (R)
Destination Clock: clk (R)
Logic Level      : 4
Delay Ratio      : 81.4% (route), 18.6% (logic)
Clock Skew       : 0.000 ns 
Setup Constraint : 20.833 ns 
Path Slack       : 5.593 ns  (Passed)


Source Clock Path
Name                                      Cell/Site Name     Delay Name       Incr      Arrival/Required Time  Fanout  
----------------------------------------  -----------------  ---------------  --------  ---------------------  ------  
hf_osc/CLKHF                              HFOSC_HFOSC_R1C32  CLOCK LATENCY       0.000                  0.000  15      
u_counter/clk                                                NET DELAY           5.499                  5.499  15      
{u_counter/count_50__i1/CK   u_counter/count_50__i2/CK}
                                                             CLOCK PIN           0.000                  5.499  1       


Data Path
Name                                      Cell/Site Name     Delay Name       Incr      Arrival/Required Time  Fanout  
----------------------------------------  -----------------  ---------------  --------  ---------------------  ------  
u_counter/count_50__i1/CK->u_counter/count_50__i1/Q
                                          SLICE_R16C4B       CLK_TO_Q0_DELAY     1.388                  6.887  3       
u_counter/count[1]                                           NET DELAY           2.141                  9.028  3       
u_counter/i523_4_lut/C->u_counter/i523_4_lut/Z
                                          SLICE_R17C4D       A0_TO_F0_DELAY      0.449                  9.477  1       
u_counter/n621                                               NET DELAY           3.146                 12.623  1       
u_counter/i543_4_lut/B->u_counter/i543_4_lut/Z
                                          SLICE_R17C6A       A1_TO_F1_DELAY      0.449                 13.072  1       
u_counter/n641                                               NET DELAY           2.168                 15.240  1       
u_counter/i650_4_lut/D->u_counter/i650_4_lut/Z
                                          SLICE_R17C6B       D1_TO_F1_DELAY      0.449                 15.689  14      
u_counter/n201                                               NET DELAY           4.521                 20.210  14      
{u_counter/count_50__i7/SR   u_counter/count_50__i8/SR}
                                                             ENDPOINT            0.000                 20.210  1       


Destination Clock Path
Name                                      Cell/Site Name     Delay Name       Incr      Arrival/Required Time  Fanout  
----------------------------------------  -----------------  ---------------  --------  ---------------------  ------  
                                                             CONSTRAINT          0.000                 20.833  1       
hf_osc/CLKHF                              HFOSC_HFOSC_R1C32  CLOCK LATENCY       0.000                 20.833  15      
u_counter/clk                                                NET DELAY           5.499                 26.332  15      
{u_counter/count_50__i7/CK   u_counter/count_50__i8/CK}
                                                             CLOCK PIN           0.000                 26.332  1       
                                                             Uncertainty      -(0.000)                 26.332  
                                                             Setup time       -(0.529)                 25.803  
----------------------------------------  -----------------  ---------------  --------  ---------------------  ------  
Required Time                                                                                          25.803  
Arrival Time                                                                                        -(20.209)  
----------------------------------------  -----------------  ---------------  --------  ---------------------  ------  
Path Slack  (Passed)                                                                                    5.593  




++++ Path 2 ++++++++++++++++++++++++++++++++++++++++++++++++++++++++++ 

Path Begin       : u_counter/count_50__i1/Q  (SLICE_R16C4B)
Path End         : {u_counter/count_50__i9/SR   u_counter/count_50__i10/SR}  (SLICE_R16C5B)
Source Clock     : clk (R)
Destination Clock: clk (R)
Logic Level      : 4
Delay Ratio      : 81.4% (route), 18.6% (logic)
Clock Skew       : 0.000 ns 
Setup Constraint : 20.833 ns 
Path Slack       : 5.593 ns  (Passed)


Source Clock Path
Name                                      Cell/Site Name     Delay Name       Incr      Arrival/Required Time  Fanout  
----------------------------------------  -----------------  ---------------  --------  ---------------------  ------  
hf_osc/CLKHF                              HFOSC_HFOSC_R1C32  CLOCK LATENCY       0.000                  0.000  15      
u_counter/clk                                                NET DELAY           5.499                  5.499  15      
{u_counter/count_50__i1/CK   u_counter/count_50__i2/CK}
                                                             CLOCK PIN           0.000                  5.499  1       


Data Path
Name                                      Cell/Site Name     Delay Name       Incr      Arrival/Required Time  Fanout  
----------------------------------------  -----------------  ---------------  --------  ---------------------  ------  
u_counter/count_50__i1/CK->u_counter/count_50__i1/Q
                                          SLICE_R16C4B       CLK_TO_Q0_DELAY     1.388                  6.887  3       
u_counter/count[1]                                           NET DELAY           2.141                  9.028  3       
u_counter/i523_4_lut/C->u_counter/i523_4_lut/Z
                                          SLICE_R17C4D       A0_TO_F0_DELAY      0.449                  9.477  1       
u_counter/n621                                               NET DELAY           3.146                 12.623  1       
u_counter/i543_4_lut/B->u_counter/i543_4_lut/Z
                                          SLICE_R17C6A       A1_TO_F1_DELAY      0.449                 13.072  1       
u_counter/n641                                               NET DELAY           2.168                 15.240  1       
u_counter/i650_4_lut/D->u_counter/i650_4_lut/Z
                                          SLICE_R17C6B       D1_TO_F1_DELAY      0.449                 15.689  14      
u_counter/n201                                               NET DELAY           4.521                 20.210  14      
{u_counter/count_50__i9/SR   u_counter/count_50__i10/SR}
                                                             ENDPOINT            0.000                 20.210  1       


Destination Clock Path
Name                                      Cell/Site Name     Delay Name       Incr      Arrival/Required Time  Fanout  
----------------------------------------  -----------------  ---------------  --------  ---------------------  ------  
                                                             CONSTRAINT          0.000                 20.833  1       
hf_osc/CLKHF                              HFOSC_HFOSC_R1C32  CLOCK LATENCY       0.000                 20.833  15      
u_counter/clk                                                NET DELAY           5.499                 26.332  15      
{u_counter/count_50__i9/CK   u_counter/count_50__i10/CK}
                                                             CLOCK PIN           0.000                 26.332  1       
                                                             Uncertainty      -(0.000)                 26.332  
                                                             Setup time       -(0.529)                 25.803  
----------------------------------------  -----------------  ---------------  --------  ---------------------  ------  
Required Time                                                                                          25.803  
Arrival Time                                                                                        -(20.209)  
----------------------------------------  -----------------  ---------------  --------  ---------------------  ------  
Path Slack  (Passed)                                                                                    5.593  




++++ Path 3 ++++++++++++++++++++++++++++++++++++++++++++++++++++++++++ 

Path Begin       : u_counter/count_50__i1/Q  (SLICE_R16C4B)
Path End         : {u_counter/count_50__i11/SR   u_counter/count_50__i12/SR}  (SLICE_R16C5C)
Source Clock     : clk (R)
Destination Clock: clk (R)
Logic Level      : 4
Delay Ratio      : 81.4% (route), 18.6% (logic)
Clock Skew       : 0.000 ns 
Setup Constraint : 20.833 ns 
Path Slack       : 5.593 ns  (Passed)


Source Clock Path
Name                                      Cell/Site Name     Delay Name       Incr      Arrival/Required Time  Fanout  
----------------------------------------  -----------------  ---------------  --------  ---------------------  ------  
hf_osc/CLKHF                              HFOSC_HFOSC_R1C32  CLOCK LATENCY       0.000                  0.000  15      
u_counter/clk                                                NET DELAY           5.499                  5.499  15      
{u_counter/count_50__i1/CK   u_counter/count_50__i2/CK}
                                                             CLOCK PIN           0.000                  5.499  1       


Data Path
Name                                      Cell/Site Name     Delay Name       Incr      Arrival/Required Time  Fanout  
----------------------------------------  -----------------  ---------------  --------  ---------------------  ------  
u_counter/count_50__i1/CK->u_counter/count_50__i1/Q
                                          SLICE_R16C4B       CLK_TO_Q0_DELAY     1.388                  6.887  3       
u_counter/count[1]                                           NET DELAY           2.141                  9.028  3       
u_counter/i523_4_lut/C->u_counter/i523_4_lut/Z
                                          SLICE_R17C4D       A0_TO_F0_DELAY      0.449                  9.477  1       
u_counter/n621                                               NET DELAY           3.146                 12.623  1       
u_counter/i543_4_lut/B->u_counter/i543_4_lut/Z
                                          SLICE_R17C6A       A1_TO_F1_DELAY      0.449                 13.072  1       
u_counter/n641                                               NET DELAY           2.168                 15.240  1       
u_counter/i650_4_lut/D->u_counter/i650_4_lut/Z
                                          SLICE_R17C6B       D1_TO_F1_DELAY      0.449                 15.689  14      
u_counter/n201                                               NET DELAY           4.521                 20.210  14      
{u_counter/count_50__i11/SR   u_counter/count_50__i12/SR}
                                                             ENDPOINT            0.000                 20.210  1       


Destination Clock Path
Name                                      Cell/Site Name     Delay Name       Incr      Arrival/Required Time  Fanout  
----------------------------------------  -----------------  ---------------  --------  ---------------------  ------  
                                                             CONSTRAINT          0.000                 20.833  1       
hf_osc/CLKHF                              HFOSC_HFOSC_R1C32  CLOCK LATENCY       0.000                 20.833  15      
u_counter/clk                                                NET DELAY           5.499                 26.332  15      
{u_counter/count_50__i11/CK   u_counter/count_50__i12/CK}
                                                             CLOCK PIN           0.000                 26.332  1       
                                                             Uncertainty      -(0.000)                 26.332  
                                                             Setup time       -(0.529)                 25.803  
----------------------------------------  -----------------  ---------------  --------  ---------------------  ------  
Required Time                                                                                          25.803  
Arrival Time                                                                                        -(20.209)  
----------------------------------------  -----------------  ---------------  --------  ---------------------  ------  
Path Slack  (Passed)                                                                                    5.593  




++++ Path 4 ++++++++++++++++++++++++++++++++++++++++++++++++++++++++++ 

Path Begin       : u_counter/count_50__i1/Q  (SLICE_R16C4B)
Path End         : {u_counter/count_50__i13/SR   u_counter/count_50__i14/SR}  (SLICE_R16C5D)
Source Clock     : clk (R)
Destination Clock: clk (R)
Logic Level      : 4
Delay Ratio      : 81.4% (route), 18.6% (logic)
Clock Skew       : 0.000 ns 
Setup Constraint : 20.833 ns 
Path Slack       : 5.593 ns  (Passed)


Source Clock Path
Name                                      Cell/Site Name     Delay Name       Incr      Arrival/Required Time  Fanout  
----------------------------------------  -----------------  ---------------  --------  ---------------------  ------  
hf_osc/CLKHF                              HFOSC_HFOSC_R1C32  CLOCK LATENCY       0.000                  0.000  15      
u_counter/clk                                                NET DELAY           5.499                  5.499  15      
{u_counter/count_50__i1/CK   u_counter/count_50__i2/CK}
                                                             CLOCK PIN           0.000                  5.499  1       


Data Path
Name                                      Cell/Site Name     Delay Name       Incr      Arrival/Required Time  Fanout  
----------------------------------------  -----------------  ---------------  --------  ---------------------  ------  
u_counter/count_50__i1/CK->u_counter/count_50__i1/Q
                                          SLICE_R16C4B       CLK_TO_Q0_DELAY     1.388                  6.887  3       
u_counter/count[1]                                           NET DELAY           2.141                  9.028  3       
u_counter/i523_4_lut/C->u_counter/i523_4_lut/Z
                                          SLICE_R17C4D       A0_TO_F0_DELAY      0.449                  9.477  1       
u_counter/n621                                               NET DELAY           3.146                 12.623  1       
u_counter/i543_4_lut/B->u_counter/i543_4_lut/Z
                                          SLICE_R17C6A       A1_TO_F1_DELAY      0.449                 13.072  1       
u_counter/n641                                               NET DELAY           2.168                 15.240  1       
u_counter/i650_4_lut/D->u_counter/i650_4_lut/Z
                                          SLICE_R17C6B       D1_TO_F1_DELAY      0.449                 15.689  14      
u_counter/n201                                               NET DELAY           4.521                 20.210  14      
{u_counter/count_50__i13/SR   u_counter/count_50__i14/SR}
                                                             ENDPOINT            0.000                 20.210  1       


Destination Clock Path
Name                                      Cell/Site Name     Delay Name       Incr      Arrival/Required Time  Fanout  
----------------------------------------  -----------------  ---------------  --------  ---------------------  ------  
                                                             CONSTRAINT          0.000                 20.833  1       
hf_osc/CLKHF                              HFOSC_HFOSC_R1C32  CLOCK LATENCY       0.000                 20.833  15      
u_counter/clk                                                NET DELAY           5.499                 26.332  15      
{u_counter/count_50__i13/CK   u_counter/count_50__i14/CK}
                                                             CLOCK PIN           0.000                 26.332  1       
                                                             Uncertainty      -(0.000)                 26.332  
                                                             Setup time       -(0.529)                 25.803  
----------------------------------------  -----------------  ---------------  --------  ---------------------  ------  
Required Time                                                                                          25.803  
Arrival Time                                                                                        -(20.209)  
----------------------------------------  -----------------  ---------------  --------  ---------------------  ------  
Path Slack  (Passed)                                                                                    5.593  




++++ Path 5 ++++++++++++++++++++++++++++++++++++++++++++++++++++++++++ 

Path Begin       : u_counter/count_50__i1/Q  (SLICE_R16C4B)
Path End         : u_counter/count_50__i25/SR  (SLICE_R16C7B)
Source Clock     : clk (R)
Destination Clock: clk (R)
Logic Level      : 4
Delay Ratio      : 80.6% (route), 19.4% (logic)
Clock Skew       : 0.000 ns 
Setup Constraint : 20.833 ns 
Path Slack       : 6.188 ns  (Passed)


Source Clock Path
Name                                      Cell/Site Name     Delay Name       Incr      Arrival/Required Time  Fanout  
----------------------------------------  -----------------  ---------------  --------  ---------------------  ------  
hf_osc/CLKHF                              HFOSC_HFOSC_R1C32  CLOCK LATENCY       0.000                  0.000  15      
u_counter/clk                                                NET DELAY           5.499                  5.499  15      
{u_counter/count_50__i1/CK   u_counter/count_50__i2/CK}
                                                             CLOCK PIN           0.000                  5.499  1       


Data Path
Name                                      Cell/Site Name     Delay Name       Incr      Arrival/Required Time  Fanout  
----------------------------------------  -----------------  ---------------  --------  ---------------------  ------  
u_counter/count_50__i1/CK->u_counter/count_50__i1/Q
                                          SLICE_R16C4B       CLK_TO_Q0_DELAY     1.388                  6.887  3       
u_counter/count[1]                                           NET DELAY           2.141                  9.028  3       
u_counter/i523_4_lut/C->u_counter/i523_4_lut/Z
                                          SLICE_R17C4D       A0_TO_F0_DELAY      0.449                  9.477  1       
u_counter/n621                                               NET DELAY           3.146                 12.623  1       
u_counter/i543_4_lut/B->u_counter/i543_4_lut/Z
                                          SLICE_R17C6A       A1_TO_F1_DELAY      0.449                 13.072  1       
u_counter/n641                                               NET DELAY           2.168                 15.240  1       
u_counter/i650_4_lut/D->u_counter/i650_4_lut/Z
                                          SLICE_R17C6B       D1_TO_F1_DELAY      0.449                 15.689  14      
u_counter/n201                                               NET DELAY           3.926                 19.615  14      
u_counter/count_50__i25/SR                                   ENDPOINT            0.000                 19.615  1       


Destination Clock Path
Name                                      Cell/Site Name     Delay Name       Incr      Arrival/Required Time  Fanout  
----------------------------------------  -----------------  ---------------  --------  ---------------------  ------  
                                                             CONSTRAINT          0.000                 20.833  1       
hf_osc/CLKHF                              HFOSC_HFOSC_R1C32  CLOCK LATENCY       0.000                 20.833  15      
u_counter/clk                                                NET DELAY           5.499                 26.332  15      
u_counter/count_50__i25/CK                                   CLOCK PIN           0.000                 26.332  1       
                                                             Uncertainty      -(0.000)                 26.332  
                                                             Setup time       -(0.529)                 25.803  
----------------------------------------  -----------------  ---------------  --------  ---------------------  ------  
Required Time                                                                                          25.803  
Arrival Time                                                                                        -(19.614)  
----------------------------------------  -----------------  ---------------  --------  ---------------------  ------  
Path Slack  (Passed)                                                                                    6.188  




++++ Path 6 ++++++++++++++++++++++++++++++++++++++++++++++++++++++++++ 

Path Begin       : u_counter/count_50__i1/Q  (SLICE_R16C4B)
Path End         : {u_counter/count_50__i23/SR   u_counter/count_50__i24/SR}  (SLICE_R16C7A)
Source Clock     : clk (R)
Destination Clock: clk (R)
Logic Level      : 4
Delay Ratio      : 80.6% (route), 19.4% (logic)
Clock Skew       : 0.000 ns 
Setup Constraint : 20.833 ns 
Path Slack       : 6.188 ns  (Passed)


Source Clock Path
Name                                      Cell/Site Name     Delay Name       Incr      Arrival/Required Time  Fanout  
----------------------------------------  -----------------  ---------------  --------  ---------------------  ------  
hf_osc/CLKHF                              HFOSC_HFOSC_R1C32  CLOCK LATENCY       0.000                  0.000  15      
u_counter/clk                                                NET DELAY           5.499                  5.499  15      
{u_counter/count_50__i1/CK   u_counter/count_50__i2/CK}
                                                             CLOCK PIN           0.000                  5.499  1       


Data Path
Name                                      Cell/Site Name     Delay Name       Incr      Arrival/Required Time  Fanout  
----------------------------------------  -----------------  ---------------  --------  ---------------------  ------  
u_counter/count_50__i1/CK->u_counter/count_50__i1/Q
                                          SLICE_R16C4B       CLK_TO_Q0_DELAY     1.388                  6.887  3       
u_counter/count[1]                                           NET DELAY           2.141                  9.028  3       
u_counter/i523_4_lut/C->u_counter/i523_4_lut/Z
                                          SLICE_R17C4D       A0_TO_F0_DELAY      0.449                  9.477  1       
u_counter/n621                                               NET DELAY           3.146                 12.623  1       
u_counter/i543_4_lut/B->u_counter/i543_4_lut/Z
                                          SLICE_R17C6A       A1_TO_F1_DELAY      0.449                 13.072  1       
u_counter/n641                                               NET DELAY           2.168                 15.240  1       
u_counter/i650_4_lut/D->u_counter/i650_4_lut/Z
                                          SLICE_R17C6B       D1_TO_F1_DELAY      0.449                 15.689  14      
u_counter/n201                                               NET DELAY           3.926                 19.615  14      
{u_counter/count_50__i23/SR   u_counter/count_50__i24/SR}
                                                             ENDPOINT            0.000                 19.615  1       


Destination Clock Path
Name                                      Cell/Site Name     Delay Name       Incr      Arrival/Required Time  Fanout  
----------------------------------------  -----------------  ---------------  --------  ---------------------  ------  
                                                             CONSTRAINT          0.000                 20.833  1       
hf_osc/CLKHF                              HFOSC_HFOSC_R1C32  CLOCK LATENCY       0.000                 20.833  15      
u_counter/clk                                                NET DELAY           5.499                 26.332  15      
{u_counter/count_50__i23/CK   u_counter/count_50__i24/CK}
                                                             CLOCK PIN           0.000                 26.332  1       
                                                             Uncertainty      -(0.000)                 26.332  
                                                             Setup time       -(0.529)                 25.803  
----------------------------------------  -----------------  ---------------  --------  ---------------------  ------  
Required Time                                                                                          25.803  
Arrival Time                                                                                        -(19.614)  
----------------------------------------  -----------------  ---------------  --------  ---------------------  ------  
Path Slack  (Passed)                                                                                    6.188  




++++ Path 7 ++++++++++++++++++++++++++++++++++++++++++++++++++++++++++ 

Path Begin       : u_counter/count_50__i1/Q  (SLICE_R16C4B)
Path End         : u_counter/count_50__i0/SR  (SLICE_R16C4A)
Source Clock     : clk (R)
Destination Clock: clk (R)
Logic Level      : 4
Delay Ratio      : 80.3% (route), 19.7% (logic)
Clock Skew       : 0.000 ns 
Setup Constraint : 20.833 ns 
Path Slack       : 6.439 ns  (Passed)


Source Clock Path
Name                                      Cell/Site Name     Delay Name       Incr      Arrival/Required Time  Fanout  
----------------------------------------  -----------------  ---------------  --------  ---------------------  ------  
hf_osc/CLKHF                              HFOSC_HFOSC_R1C32  CLOCK LATENCY       0.000                  0.000  15      
u_counter/clk                                                NET DELAY           5.499                  5.499  15      
{u_counter/count_50__i1/CK   u_counter/count_50__i2/CK}
                                                             CLOCK PIN           0.000                  5.499  1       


Data Path
Name                                      Cell/Site Name     Delay Name       Incr      Arrival/Required Time  Fanout  
----------------------------------------  -----------------  ---------------  --------  ---------------------  ------  
u_counter/count_50__i1/CK->u_counter/count_50__i1/Q
                                          SLICE_R16C4B       CLK_TO_Q0_DELAY     1.388                  6.887  3       
u_counter/count[1]                                           NET DELAY           2.141                  9.028  3       
u_counter/i523_4_lut/C->u_counter/i523_4_lut/Z
                                          SLICE_R17C4D       A0_TO_F0_DELAY      0.449                  9.477  1       
u_counter/n621                                               NET DELAY           3.146                 12.623  1       
u_counter/i543_4_lut/B->u_counter/i543_4_lut/Z
                                          SLICE_R17C6A       A1_TO_F1_DELAY      0.449                 13.072  1       
u_counter/n641                                               NET DELAY           2.168                 15.240  1       
u_counter/i650_4_lut/D->u_counter/i650_4_lut/Z
                                          SLICE_R17C6B       D1_TO_F1_DELAY      0.449                 15.689  14      
u_counter/n201                                               NET DELAY           3.675                 19.364  14      
u_counter/count_50__i0/SR                                    ENDPOINT            0.000                 19.364  1       


Destination Clock Path
Name                                      Cell/Site Name     Delay Name       Incr      Arrival/Required Time  Fanout  
----------------------------------------  -----------------  ---------------  --------  ---------------------  ------  
                                                             CONSTRAINT          0.000                 20.833  1       
hf_osc/CLKHF                              HFOSC_HFOSC_R1C32  CLOCK LATENCY       0.000                 20.833  15      
u_counter/clk                                                NET DELAY           5.499                 26.332  15      
u_counter/count_50__i0/CK                                    CLOCK PIN           0.000                 26.332  1       
                                                             Uncertainty      -(0.000)                 26.332  
                                                             Setup time       -(0.529)                 25.803  
----------------------------------------  -----------------  ---------------  --------  ---------------------  ------  
Required Time                                                                                          25.803  
Arrival Time                                                                                        -(19.363)  
----------------------------------------  -----------------  ---------------  --------  ---------------------  ------  
Path Slack  (Passed)                                                                                    6.439  




++++ Path 8 ++++++++++++++++++++++++++++++++++++++++++++++++++++++++++ 

Path Begin       : u_counter/count_50__i1/Q  (SLICE_R16C4B)
Path End         : {u_counter/count_50__i1/SR   u_counter/count_50__i2/SR}  (SLICE_R16C4B)
Source Clock     : clk (R)
Destination Clock: clk (R)
Logic Level      : 4
Delay Ratio      : 80.3% (route), 19.7% (logic)
Clock Skew       : 0.000 ns 
Setup Constraint : 20.833 ns 
Path Slack       : 6.439 ns  (Passed)


Source Clock Path
Name                                      Cell/Site Name     Delay Name       Incr      Arrival/Required Time  Fanout  
----------------------------------------  -----------------  ---------------  --------  ---------------------  ------  
hf_osc/CLKHF                              HFOSC_HFOSC_R1C32  CLOCK LATENCY       0.000                  0.000  15      
u_counter/clk                                                NET DELAY           5.499                  5.499  15      
{u_counter/count_50__i1/CK   u_counter/count_50__i2/CK}
                                                             CLOCK PIN           0.000                  5.499  1       


Data Path
Name                                      Cell/Site Name     Delay Name       Incr      Arrival/Required Time  Fanout  
----------------------------------------  -----------------  ---------------  --------  ---------------------  ------  
u_counter/count_50__i1/CK->u_counter/count_50__i1/Q
                                          SLICE_R16C4B       CLK_TO_Q0_DELAY     1.388                  6.887  3       
u_counter/count[1]                                           NET DELAY           2.141                  9.028  3       
u_counter/i523_4_lut/C->u_counter/i523_4_lut/Z
                                          SLICE_R17C4D       A0_TO_F0_DELAY      0.449                  9.477  1       
u_counter/n621                                               NET DELAY           3.146                 12.623  1       
u_counter/i543_4_lut/B->u_counter/i543_4_lut/Z
                                          SLICE_R17C6A       A1_TO_F1_DELAY      0.449                 13.072  1       
u_counter/n641                                               NET DELAY           2.168                 15.240  1       
u_counter/i650_4_lut/D->u_counter/i650_4_lut/Z
                                          SLICE_R17C6B       D1_TO_F1_DELAY      0.449                 15.689  14      
u_counter/n201                                               NET DELAY           3.675                 19.364  14      
{u_counter/count_50__i1/SR   u_counter/count_50__i2/SR}
                                                             ENDPOINT            0.000                 19.364  1       


Destination Clock Path
Name                                      Cell/Site Name     Delay Name       Incr      Arrival/Required Time  Fanout  
----------------------------------------  -----------------  ---------------  --------  ---------------------  ------  
                                                             CONSTRAINT          0.000                 20.833  1       
hf_osc/CLKHF                              HFOSC_HFOSC_R1C32  CLOCK LATENCY       0.000                 20.833  15      
u_counter/clk                                                NET DELAY           5.499                 26.332  15      
{u_counter/count_50__i1/CK   u_counter/count_50__i2/CK}
                                                             CLOCK PIN           0.000                 26.332  1       
                                                             Uncertainty      -(0.000)                 26.332  
                                                             Setup time       -(0.529)                 25.803  
----------------------------------------  -----------------  ---------------  --------  ---------------------  ------  
Required Time                                                                                          25.803  
Arrival Time                                                                                        -(19.363)  
----------------------------------------  -----------------  ---------------  --------  ---------------------  ------  
Path Slack  (Passed)                                                                                    6.439  




++++ Path 9 ++++++++++++++++++++++++++++++++++++++++++++++++++++++++++ 

Path Begin       : u_counter/count_50__i1/Q  (SLICE_R16C4B)
Path End         : {u_counter/count_50__i3/SR   u_counter/count_50__i4/SR}  (SLICE_R16C4C)
Source Clock     : clk (R)
Destination Clock: clk (R)
Logic Level      : 4
Delay Ratio      : 80.3% (route), 19.7% (logic)
Clock Skew       : 0.000 ns 
Setup Constraint : 20.833 ns 
Path Slack       : 6.439 ns  (Passed)


Source Clock Path
Name                                      Cell/Site Name     Delay Name       Incr      Arrival/Required Time  Fanout  
----------------------------------------  -----------------  ---------------  --------  ---------------------  ------  
hf_osc/CLKHF                              HFOSC_HFOSC_R1C32  CLOCK LATENCY       0.000                  0.000  15      
u_counter/clk                                                NET DELAY           5.499                  5.499  15      
{u_counter/count_50__i1/CK   u_counter/count_50__i2/CK}
                                                             CLOCK PIN           0.000                  5.499  1       


Data Path
Name                                      Cell/Site Name     Delay Name       Incr      Arrival/Required Time  Fanout  
----------------------------------------  -----------------  ---------------  --------  ---------------------  ------  
u_counter/count_50__i1/CK->u_counter/count_50__i1/Q
                                          SLICE_R16C4B       CLK_TO_Q0_DELAY     1.388                  6.887  3       
u_counter/count[1]                                           NET DELAY           2.141                  9.028  3       
u_counter/i523_4_lut/C->u_counter/i523_4_lut/Z
                                          SLICE_R17C4D       A0_TO_F0_DELAY      0.449                  9.477  1       
u_counter/n621                                               NET DELAY           3.146                 12.623  1       
u_counter/i543_4_lut/B->u_counter/i543_4_lut/Z
                                          SLICE_R17C6A       A1_TO_F1_DELAY      0.449                 13.072  1       
u_counter/n641                                               NET DELAY           2.168                 15.240  1       
u_counter/i650_4_lut/D->u_counter/i650_4_lut/Z
                                          SLICE_R17C6B       D1_TO_F1_DELAY      0.449                 15.689  14      
u_counter/n201                                               NET DELAY           3.675                 19.364  14      
{u_counter/count_50__i3/SR   u_counter/count_50__i4/SR}
                                                             ENDPOINT            0.000                 19.364  1       


Destination Clock Path
Name                                      Cell/Site Name     Delay Name       Incr      Arrival/Required Time  Fanout  
----------------------------------------  -----------------  ---------------  --------  ---------------------  ------  
                                                             CONSTRAINT          0.000                 20.833  1       
hf_osc/CLKHF                              HFOSC_HFOSC_R1C32  CLOCK LATENCY       0.000                 20.833  15      
u_counter/clk                                                NET DELAY           5.499                 26.332  15      
{u_counter/count_50__i3/CK   u_counter/count_50__i4/CK}
                                                             CLOCK PIN           0.000                 26.332  1       
                                                             Uncertainty      -(0.000)                 26.332  
                                                             Setup time       -(0.529)                 25.803  
----------------------------------------  -----------------  ---------------  --------  ---------------------  ------  
Required Time                                                                                          25.803  
Arrival Time                                                                                        -(19.363)  
----------------------------------------  -----------------  ---------------  --------  ---------------------  ------  
Path Slack  (Passed)                                                                                    6.439  




++++ Path 10 ++++++++++++++++++++++++++++++++++++++++++++++++++++++++++ 

Path Begin       : u_counter/count_50__i1/Q  (SLICE_R16C4B)
Path End         : {u_counter/count_50__i5/SR   u_counter/count_50__i6/SR}  (SLICE_R16C4D)
Source Clock     : clk (R)
Destination Clock: clk (R)
Logic Level      : 4
Delay Ratio      : 80.3% (route), 19.7% (logic)
Clock Skew       : 0.000 ns 
Setup Constraint : 20.833 ns 
Path Slack       : 6.439 ns  (Passed)


Source Clock Path
Name                                      Cell/Site Name     Delay Name       Incr      Arrival/Required Time  Fanout  
----------------------------------------  -----------------  ---------------  --------  ---------------------  ------  
hf_osc/CLKHF                              HFOSC_HFOSC_R1C32  CLOCK LATENCY       0.000                  0.000  15      
u_counter/clk                                                NET DELAY           5.499                  5.499  15      
{u_counter/count_50__i1/CK   u_counter/count_50__i2/CK}
                                                             CLOCK PIN           0.000                  5.499  1       


Data Path
Name                                      Cell/Site Name     Delay Name       Incr      Arrival/Required Time  Fanout  
----------------------------------------  -----------------  ---------------  --------  ---------------------  ------  
u_counter/count_50__i1/CK->u_counter/count_50__i1/Q
                                          SLICE_R16C4B       CLK_TO_Q0_DELAY     1.388                  6.887  3       
u_counter/count[1]                                           NET DELAY           2.141                  9.028  3       
u_counter/i523_4_lut/C->u_counter/i523_4_lut/Z
                                          SLICE_R17C4D       A0_TO_F0_DELAY      0.449                  9.477  1       
u_counter/n621                                               NET DELAY           3.146                 12.623  1       
u_counter/i543_4_lut/B->u_counter/i543_4_lut/Z
                                          SLICE_R17C6A       A1_TO_F1_DELAY      0.449                 13.072  1       
u_counter/n641                                               NET DELAY           2.168                 15.240  1       
u_counter/i650_4_lut/D->u_counter/i650_4_lut/Z
                                          SLICE_R17C6B       D1_TO_F1_DELAY      0.449                 15.689  14      
u_counter/n201                                               NET DELAY           3.675                 19.364  14      
{u_counter/count_50__i5/SR   u_counter/count_50__i6/SR}
                                                             ENDPOINT            0.000                 19.364  1       


Destination Clock Path
Name                                      Cell/Site Name     Delay Name       Incr      Arrival/Required Time  Fanout  
----------------------------------------  -----------------  ---------------  --------  ---------------------  ------  
                                                             CONSTRAINT          0.000                 20.833  1       
hf_osc/CLKHF                              HFOSC_HFOSC_R1C32  CLOCK LATENCY       0.000                 20.833  15      
u_counter/clk                                                NET DELAY           5.499                 26.332  15      
{u_counter/count_50__i5/CK   u_counter/count_50__i6/CK}
                                                             CLOCK PIN           0.000                 26.332  1       
                                                             Uncertainty      -(0.000)                 26.332  
                                                             Setup time       -(0.529)                 25.803  
----------------------------------------  -----------------  ---------------  --------  ---------------------  ------  
Required Time                                                                                          25.803  
Arrival Time                                                                                        -(19.363)  
----------------------------------------  -----------------  ---------------  --------  ---------------------  ------  
Path Slack  (Passed)                                                                                    6.439  



+++++++++++++++++++++++++++++++++++++++++++++++++++++++++++++++++++++ 
                    End of Detailed Report for timing paths 
+++++++++++++++++++++++++++++++++++++++++++++++++++++++++++++++++++++ 


##########################################################



===============================================================
3  Hold at Speed Grade m Corner at -40 Degrees
===============================================================

3.1  Endpoint slacks
=======================
-------------------------------------------------------
          Listing 10 End Points          |    Slack    
-------------------------------------------------------
u_counter/count_50__i19/D                |    1.913 ns 
u_counter/count_50__i20/D                |    1.913 ns 
u_counter/count_50__i13/D                |    1.913 ns 
u_counter/count_50__i14/D                |    1.913 ns 
u_counter/count_50__i21/D                |    1.913 ns 
u_counter/count_50__i22/D                |    1.913 ns 
u_counter/count_50__i23/D                |    1.913 ns 
u_counter/count_50__i24/D                |    1.913 ns 
u_counter/count_50__i15/D                |    1.913 ns 
u_counter/count_50__i16/D                |    1.913 ns 
-------------------------------------------------------
                                         |             
Hold # of endpoints with negative slack: |           0 
                                         |             
-------------------------------------------------------

3.2  Detailed Report
=======================


XXXXXXXXXXXXXXXXXXXXXXXXXXXXXXXXXXXXXXXXXXXXXXXXXXXXXXXXXX

Detail report of critical paths

XXXXXXXXXXXXXXXXXXXXXXXXXXXXXXXXXXXXXXXXXXXXXXXXXXXXXXXXXX

+++++++++++++++++++++++++++++++++++++++++++++++++++++++++++++++++++++ 
                    Detailed Report for timing paths 
+++++++++++++++++++++++++++++++++++++++++++++++++++++++++++++++++++++ 

++++ Path 1 ++++++++++++++++++++++++++++++++++++++++++++++++++++++++++ 

Path Begin       : u_counter/count_50__i19/Q  (SLICE_R16C6C)
Path End         : u_counter/count_50__i19/D  (SLICE_R16C6C)
Source Clock     : clk (R)
Destination Clock: clk (R)
Logic Level      : 2
Delay Ratio      : 46.1% (route), 53.9% (logic)
Clock Skew       : 0.000 ns 
Hold Constraint  : 0.000 ns 
Path Slack       : 1.913 ns  (Passed)


Source Clock Path
Name                                      Cell/Site Name     Delay Name       Incr   Arrival/Required Time  Fanout  
----------------------------------------  -----------------  ---------------  -----  ---------------------  ------  
hf_osc/CLKHF                              HFOSC_HFOSC_R1C32  CLOCK LATENCY    0.000                  0.000  16      
u_counter/clk                                                NET DELAY        3.084                  3.084  16      
{u_counter/count_50__i19/CK   u_counter/count_50__i20/CK}
                                                             CLOCK PIN        0.000                  3.084  1       


Data Path
Name                                      Cell/Site Name     Delay Name       Incr   Arrival/Required Time  Fanout  
----------------------------------------  -----------------  ---------------  -----  ---------------------  ------  
u_counter/count_50__i19/CK->u_counter/count_50__i19/Q
                                          SLICE_R16C6C       CLK_TO_Q0_DELAY  0.779                  3.863  3       
u_counter/count[19]                                          NET DELAY        0.882                  4.745  3       
u_counter/count_50_add_4_21/C0->u_counter/count_50_add_4_21/S0
                                          SLICE_R16C6C       C0_TO_F0_DELAY   0.252                  4.997  1       
u_counter/n83[19]                                            NET DELAY        0.000                  4.997  1       
u_counter/count_50__i19/D                                    ENDPOINT         0.000                  4.997  1       


Destination Clock Path
Name                                      Cell/Site Name     Delay Name       Incr   Arrival/Required Time  Fanout  
----------------------------------------  -----------------  ---------------  -----  ---------------------  ------  
                                                             CONSTRAINT       0.000                  0.000  1       
hf_osc/CLKHF                              HFOSC_HFOSC_R1C32  CLOCK LATENCY    0.000                  0.000  16      
u_counter/clk                                                NET DELAY        3.084                  3.084  16      
{u_counter/count_50__i19/CK   u_counter/count_50__i20/CK}
                                                             CLOCK PIN        0.000                  3.084  1       
                                                             Uncertainty      0.000                  3.084  
                                                             Hold time        0.000                  3.084  
----------------------------------------  -----------------  ---------------  -----  ---------------------  ------  
Required Time                                                                                       -3.084  
Arrival Time                                                                                         4.997  
----------------------------------------  -----------------  ---------------  -----  ---------------------  ------  
Path Slack  (Passed)                                                                                 1.913  




++++ Path 2 ++++++++++++++++++++++++++++++++++++++++++++++++++++++++++ 

Path Begin       : u_counter/count_50__i20/Q  (SLICE_R16C6C)
Path End         : u_counter/count_50__i20/D  (SLICE_R16C6C)
Source Clock     : clk (R)
Destination Clock: clk (R)
Logic Level      : 2
Delay Ratio      : 46.1% (route), 53.9% (logic)
Clock Skew       : 0.000 ns 
Hold Constraint  : 0.000 ns 
Path Slack       : 1.913 ns  (Passed)


Source Clock Path
Name                                      Cell/Site Name     Delay Name       Incr   Arrival/Required Time  Fanout  
----------------------------------------  -----------------  ---------------  -----  ---------------------  ------  
hf_osc/CLKHF                              HFOSC_HFOSC_R1C32  CLOCK LATENCY    0.000                  0.000  16      
u_counter/clk                                                NET DELAY        3.084                  3.084  16      
{u_counter/count_50__i19/CK   u_counter/count_50__i20/CK}
                                                             CLOCK PIN        0.000                  3.084  1       


Data Path
Name                                      Cell/Site Name     Delay Name       Incr   Arrival/Required Time  Fanout  
----------------------------------------  -----------------  ---------------  -----  ---------------------  ------  
u_counter/count_50__i20/CK->u_counter/count_50__i20/Q
                                          SLICE_R16C6C       CLK_TO_Q1_DELAY  0.779                  3.863  3       
u_counter/count[20]                                          NET DELAY        0.882                  4.745  3       
u_counter/count_50_add_4_21/C1->u_counter/count_50_add_4_21/S1
                                          SLICE_R16C6C       C1_TO_F1_DELAY   0.252                  4.997  1       
u_counter/n83[20]                                            NET DELAY        0.000                  4.997  1       
u_counter/count_50__i20/D                                    ENDPOINT         0.000                  4.997  1       


Destination Clock Path
Name                                      Cell/Site Name     Delay Name       Incr   Arrival/Required Time  Fanout  
----------------------------------------  -----------------  ---------------  -----  ---------------------  ------  
                                                             CONSTRAINT       0.000                  0.000  1       
hf_osc/CLKHF                              HFOSC_HFOSC_R1C32  CLOCK LATENCY    0.000                  0.000  16      
u_counter/clk                                                NET DELAY        3.084                  3.084  16      
{u_counter/count_50__i19/CK   u_counter/count_50__i20/CK}
                                                             CLOCK PIN        0.000                  3.084  1       
                                                             Uncertainty      0.000                  3.084  
                                                             Hold time        0.000                  3.084  
----------------------------------------  -----------------  ---------------  -----  ---------------------  ------  
Required Time                                                                                       -3.084  
Arrival Time                                                                                         4.997  
----------------------------------------  -----------------  ---------------  -----  ---------------------  ------  
Path Slack  (Passed)                                                                                 1.913  




++++ Path 3 ++++++++++++++++++++++++++++++++++++++++++++++++++++++++++ 

Path Begin       : u_counter/count_50__i13/Q  (SLICE_R16C5D)
Path End         : u_counter/count_50__i13/D  (SLICE_R16C5D)
Source Clock     : clk (R)
Destination Clock: clk (R)
Logic Level      : 2
Delay Ratio      : 46.1% (route), 53.9% (logic)
Clock Skew       : 0.000 ns 
Hold Constraint  : 0.000 ns 
Path Slack       : 1.913 ns  (Passed)


Source Clock Path
Name                                      Cell/Site Name     Delay Name       Incr   Arrival/Required Time  Fanout  
----------------------------------------  -----------------  ---------------  -----  ---------------------  ------  
hf_osc/CLKHF                              HFOSC_HFOSC_R1C32  CLOCK LATENCY    0.000                  0.000  16      
u_counter/clk                                                NET DELAY        3.084                  3.084  16      
{u_counter/count_50__i13/CK   u_counter/count_50__i14/CK}
                                                             CLOCK PIN        0.000                  3.084  1       


Data Path
Name                                      Cell/Site Name     Delay Name       Incr   Arrival/Required Time  Fanout  
----------------------------------------  -----------------  ---------------  -----  ---------------------  ------  
u_counter/count_50__i13/CK->u_counter/count_50__i13/Q
                                          SLICE_R16C5D       CLK_TO_Q0_DELAY  0.779                  3.863  3       
u_counter/count[13]                                          NET DELAY        0.882                  4.745  3       
u_counter/count_50_add_4_15/C0->u_counter/count_50_add_4_15/S0
                                          SLICE_R16C5D       C0_TO_F0_DELAY   0.252                  4.997  1       
u_counter/n83[13]                                            NET DELAY        0.000                  4.997  1       
u_counter/count_50__i13/D                                    ENDPOINT         0.000                  4.997  1       


Destination Clock Path
Name                                      Cell/Site Name     Delay Name       Incr   Arrival/Required Time  Fanout  
----------------------------------------  -----------------  ---------------  -----  ---------------------  ------  
                                                             CONSTRAINT       0.000                  0.000  1       
hf_osc/CLKHF                              HFOSC_HFOSC_R1C32  CLOCK LATENCY    0.000                  0.000  16      
u_counter/clk                                                NET DELAY        3.084                  3.084  16      
{u_counter/count_50__i13/CK   u_counter/count_50__i14/CK}
                                                             CLOCK PIN        0.000                  3.084  1       
                                                             Uncertainty      0.000                  3.084  
                                                             Hold time        0.000                  3.084  
----------------------------------------  -----------------  ---------------  -----  ---------------------  ------  
Required Time                                                                                       -3.084  
Arrival Time                                                                                         4.997  
----------------------------------------  -----------------  ---------------  -----  ---------------------  ------  
Path Slack  (Passed)                                                                                 1.913  




++++ Path 4 ++++++++++++++++++++++++++++++++++++++++++++++++++++++++++ 

Path Begin       : u_counter/count_50__i14/Q  (SLICE_R16C5D)
Path End         : u_counter/count_50__i14/D  (SLICE_R16C5D)
Source Clock     : clk (R)
Destination Clock: clk (R)
Logic Level      : 2
Delay Ratio      : 46.1% (route), 53.9% (logic)
Clock Skew       : 0.000 ns 
Hold Constraint  : 0.000 ns 
Path Slack       : 1.913 ns  (Passed)


Source Clock Path
Name                                      Cell/Site Name     Delay Name       Incr   Arrival/Required Time  Fanout  
----------------------------------------  -----------------  ---------------  -----  ---------------------  ------  
hf_osc/CLKHF                              HFOSC_HFOSC_R1C32  CLOCK LATENCY    0.000                  0.000  16      
u_counter/clk                                                NET DELAY        3.084                  3.084  16      
{u_counter/count_50__i13/CK   u_counter/count_50__i14/CK}
                                                             CLOCK PIN        0.000                  3.084  1       


Data Path
Name                                      Cell/Site Name     Delay Name       Incr   Arrival/Required Time  Fanout  
----------------------------------------  -----------------  ---------------  -----  ---------------------  ------  
u_counter/count_50__i14/CK->u_counter/count_50__i14/Q
                                          SLICE_R16C5D       CLK_TO_Q1_DELAY  0.779                  3.863  3       
u_counter/count[14]                                          NET DELAY        0.882                  4.745  3       
u_counter/count_50_add_4_15/C1->u_counter/count_50_add_4_15/S1
                                          SLICE_R16C5D       C1_TO_F1_DELAY   0.252                  4.997  1       
u_counter/n83[14]                                            NET DELAY        0.000                  4.997  1       
u_counter/count_50__i14/D                                    ENDPOINT         0.000                  4.997  1       


Destination Clock Path
Name                                      Cell/Site Name     Delay Name       Incr   Arrival/Required Time  Fanout  
----------------------------------------  -----------------  ---------------  -----  ---------------------  ------  
                                                             CONSTRAINT       0.000                  0.000  1       
hf_osc/CLKHF                              HFOSC_HFOSC_R1C32  CLOCK LATENCY    0.000                  0.000  16      
u_counter/clk                                                NET DELAY        3.084                  3.084  16      
{u_counter/count_50__i13/CK   u_counter/count_50__i14/CK}
                                                             CLOCK PIN        0.000                  3.084  1       
                                                             Uncertainty      0.000                  3.084  
                                                             Hold time        0.000                  3.084  
----------------------------------------  -----------------  ---------------  -----  ---------------------  ------  
Required Time                                                                                       -3.084  
Arrival Time                                                                                         4.997  
----------------------------------------  -----------------  ---------------  -----  ---------------------  ------  
Path Slack  (Passed)                                                                                 1.913  




++++ Path 5 ++++++++++++++++++++++++++++++++++++++++++++++++++++++++++ 

Path Begin       : u_counter/count_50__i21/Q  (SLICE_R16C6D)
Path End         : u_counter/count_50__i21/D  (SLICE_R16C6D)
Source Clock     : clk (R)
Destination Clock: clk (R)
Logic Level      : 2
Delay Ratio      : 46.1% (route), 53.9% (logic)
Clock Skew       : 0.000 ns 
Hold Constraint  : 0.000 ns 
Path Slack       : 1.913 ns  (Passed)


Source Clock Path
Name                                      Cell/Site Name     Delay Name       Incr   Arrival/Required Time  Fanout  
----------------------------------------  -----------------  ---------------  -----  ---------------------  ------  
hf_osc/CLKHF                              HFOSC_HFOSC_R1C32  CLOCK LATENCY    0.000                  0.000  16      
u_counter/clk                                                NET DELAY        3.084                  3.084  16      
{u_counter/count_50__i21/CK   u_counter/count_50__i22/CK}
                                                             CLOCK PIN        0.000                  3.084  1       


Data Path
Name                                      Cell/Site Name     Delay Name       Incr   Arrival/Required Time  Fanout  
----------------------------------------  -----------------  ---------------  -----  ---------------------  ------  
u_counter/count_50__i21/CK->u_counter/count_50__i21/Q
                                          SLICE_R16C6D       CLK_TO_Q0_DELAY  0.779                  3.863  3       
u_counter/count[21]                                          NET DELAY        0.882                  4.745  3       
u_counter/count_50_add_4_23/C0->u_counter/count_50_add_4_23/S0
                                          SLICE_R16C6D       C0_TO_F0_DELAY   0.252                  4.997  1       
u_counter/n83[21]                                            NET DELAY        0.000                  4.997  1       
u_counter/count_50__i21/D                                    ENDPOINT         0.000                  4.997  1       


Destination Clock Path
Name                                      Cell/Site Name     Delay Name       Incr   Arrival/Required Time  Fanout  
----------------------------------------  -----------------  ---------------  -----  ---------------------  ------  
                                                             CONSTRAINT       0.000                  0.000  1       
hf_osc/CLKHF                              HFOSC_HFOSC_R1C32  CLOCK LATENCY    0.000                  0.000  16      
u_counter/clk                                                NET DELAY        3.084                  3.084  16      
{u_counter/count_50__i21/CK   u_counter/count_50__i22/CK}
                                                             CLOCK PIN        0.000                  3.084  1       
                                                             Uncertainty      0.000                  3.084  
                                                             Hold time        0.000                  3.084  
----------------------------------------  -----------------  ---------------  -----  ---------------------  ------  
Required Time                                                                                       -3.084  
Arrival Time                                                                                         4.997  
----------------------------------------  -----------------  ---------------  -----  ---------------------  ------  
Path Slack  (Passed)                                                                                 1.913  




++++ Path 6 ++++++++++++++++++++++++++++++++++++++++++++++++++++++++++ 

Path Begin       : u_counter/count_50__i22/Q  (SLICE_R16C6D)
Path End         : u_counter/count_50__i22/D  (SLICE_R16C6D)
Source Clock     : clk (R)
Destination Clock: clk (R)
Logic Level      : 2
Delay Ratio      : 46.1% (route), 53.9% (logic)
Clock Skew       : 0.000 ns 
Hold Constraint  : 0.000 ns 
Path Slack       : 1.913 ns  (Passed)


Source Clock Path
Name                                      Cell/Site Name     Delay Name       Incr   Arrival/Required Time  Fanout  
----------------------------------------  -----------------  ---------------  -----  ---------------------  ------  
hf_osc/CLKHF                              HFOSC_HFOSC_R1C32  CLOCK LATENCY    0.000                  0.000  16      
u_counter/clk                                                NET DELAY        3.084                  3.084  16      
{u_counter/count_50__i21/CK   u_counter/count_50__i22/CK}
                                                             CLOCK PIN        0.000                  3.084  1       


Data Path
Name                                      Cell/Site Name     Delay Name       Incr   Arrival/Required Time  Fanout  
----------------------------------------  -----------------  ---------------  -----  ---------------------  ------  
u_counter/count_50__i22/CK->u_counter/count_50__i22/Q
                                          SLICE_R16C6D       CLK_TO_Q1_DELAY  0.779                  3.863  3       
u_counter/count[22]                                          NET DELAY        0.882                  4.745  3       
u_counter/count_50_add_4_23/C1->u_counter/count_50_add_4_23/S1
                                          SLICE_R16C6D       C1_TO_F1_DELAY   0.252                  4.997  1       
u_counter/n83[22]                                            NET DELAY        0.000                  4.997  1       
u_counter/count_50__i22/D                                    ENDPOINT         0.000                  4.997  1       


Destination Clock Path
Name                                      Cell/Site Name     Delay Name       Incr   Arrival/Required Time  Fanout  
----------------------------------------  -----------------  ---------------  -----  ---------------------  ------  
                                                             CONSTRAINT       0.000                  0.000  1       
hf_osc/CLKHF                              HFOSC_HFOSC_R1C32  CLOCK LATENCY    0.000                  0.000  16      
u_counter/clk                                                NET DELAY        3.084                  3.084  16      
{u_counter/count_50__i21/CK   u_counter/count_50__i22/CK}
                                                             CLOCK PIN        0.000                  3.084  1       
                                                             Uncertainty      0.000                  3.084  
                                                             Hold time        0.000                  3.084  
----------------------------------------  -----------------  ---------------  -----  ---------------------  ------  
Required Time                                                                                       -3.084  
Arrival Time                                                                                         4.997  
----------------------------------------  -----------------  ---------------  -----  ---------------------  ------  
Path Slack  (Passed)                                                                                 1.913  




++++ Path 7 ++++++++++++++++++++++++++++++++++++++++++++++++++++++++++ 

Path Begin       : u_counter/count_50__i23/Q  (SLICE_R16C7A)
Path End         : u_counter/count_50__i23/D  (SLICE_R16C7A)
Source Clock     : clk (R)
Destination Clock: clk (R)
Logic Level      : 2
Delay Ratio      : 46.1% (route), 53.9% (logic)
Clock Skew       : 0.000 ns 
Hold Constraint  : 0.000 ns 
Path Slack       : 1.913 ns  (Passed)


Source Clock Path
Name                                      Cell/Site Name     Delay Name       Incr   Arrival/Required Time  Fanout  
----------------------------------------  -----------------  ---------------  -----  ---------------------  ------  
hf_osc/CLKHF                              HFOSC_HFOSC_R1C32  CLOCK LATENCY    0.000                  0.000  16      
u_counter/clk                                                NET DELAY        3.084                  3.084  16      
{u_counter/count_50__i23/CK   u_counter/count_50__i24/CK}
                                                             CLOCK PIN        0.000                  3.084  1       


Data Path
Name                                      Cell/Site Name     Delay Name       Incr   Arrival/Required Time  Fanout  
----------------------------------------  -----------------  ---------------  -----  ---------------------  ------  
u_counter/count_50__i23/CK->u_counter/count_50__i23/Q
                                          SLICE_R16C7A       CLK_TO_Q0_DELAY  0.779                  3.863  3       
u_counter/count[23]                                          NET DELAY        0.882                  4.745  3       
u_counter/count_50_add_4_25/C0->u_counter/count_50_add_4_25/S0
                                          SLICE_R16C7A       C0_TO_F0_DELAY   0.252                  4.997  1       
u_counter/n83[23]                                            NET DELAY        0.000                  4.997  1       
u_counter/count_50__i23/D                                    ENDPOINT         0.000                  4.997  1       


Destination Clock Path
Name                                      Cell/Site Name     Delay Name       Incr   Arrival/Required Time  Fanout  
----------------------------------------  -----------------  ---------------  -----  ---------------------  ------  
                                                             CONSTRAINT       0.000                  0.000  1       
hf_osc/CLKHF                              HFOSC_HFOSC_R1C32  CLOCK LATENCY    0.000                  0.000  16      
u_counter/clk                                                NET DELAY        3.084                  3.084  16      
{u_counter/count_50__i23/CK   u_counter/count_50__i24/CK}
                                                             CLOCK PIN        0.000                  3.084  1       
                                                             Uncertainty      0.000                  3.084  
                                                             Hold time        0.000                  3.084  
----------------------------------------  -----------------  ---------------  -----  ---------------------  ------  
Required Time                                                                                       -3.084  
Arrival Time                                                                                         4.997  
----------------------------------------  -----------------  ---------------  -----  ---------------------  ------  
Path Slack  (Passed)                                                                                 1.913  




++++ Path 8 ++++++++++++++++++++++++++++++++++++++++++++++++++++++++++ 

Path Begin       : u_counter/count_50__i24/Q  (SLICE_R16C7A)
Path End         : u_counter/count_50__i24/D  (SLICE_R16C7A)
Source Clock     : clk (R)
Destination Clock: clk (R)
Logic Level      : 2
Delay Ratio      : 46.1% (route), 53.9% (logic)
Clock Skew       : 0.000 ns 
Hold Constraint  : 0.000 ns 
Path Slack       : 1.913 ns  (Passed)


Source Clock Path
Name                                      Cell/Site Name     Delay Name       Incr   Arrival/Required Time  Fanout  
----------------------------------------  -----------------  ---------------  -----  ---------------------  ------  
hf_osc/CLKHF                              HFOSC_HFOSC_R1C32  CLOCK LATENCY    0.000                  0.000  16      
u_counter/clk                                                NET DELAY        3.084                  3.084  16      
{u_counter/count_50__i23/CK   u_counter/count_50__i24/CK}
                                                             CLOCK PIN        0.000                  3.084  1       


Data Path
Name                                      Cell/Site Name     Delay Name       Incr   Arrival/Required Time  Fanout  
----------------------------------------  -----------------  ---------------  -----  ---------------------  ------  
u_counter/count_50__i24/CK->u_counter/count_50__i24/Q
                                          SLICE_R16C7A       CLK_TO_Q1_DELAY  0.779                  3.863  3       
u_counter/count[24]                                          NET DELAY        0.882                  4.745  3       
u_counter/count_50_add_4_25/C1->u_counter/count_50_add_4_25/S1
                                          SLICE_R16C7A       C1_TO_F1_DELAY   0.252                  4.997  1       
u_counter/n83[24]                                            NET DELAY        0.000                  4.997  1       
u_counter/count_50__i24/D                                    ENDPOINT         0.000                  4.997  1       


Destination Clock Path
Name                                      Cell/Site Name     Delay Name       Incr   Arrival/Required Time  Fanout  
----------------------------------------  -----------------  ---------------  -----  ---------------------  ------  
                                                             CONSTRAINT       0.000                  0.000  1       
hf_osc/CLKHF                              HFOSC_HFOSC_R1C32  CLOCK LATENCY    0.000                  0.000  16      
u_counter/clk                                                NET DELAY        3.084                  3.084  16      
{u_counter/count_50__i23/CK   u_counter/count_50__i24/CK}
                                                             CLOCK PIN        0.000                  3.084  1       
                                                             Uncertainty      0.000                  3.084  
                                                             Hold time        0.000                  3.084  
----------------------------------------  -----------------  ---------------  -----  ---------------------  ------  
Required Time                                                                                       -3.084  
Arrival Time                                                                                         4.997  
----------------------------------------  -----------------  ---------------  -----  ---------------------  ------  
Path Slack  (Passed)                                                                                 1.913  




++++ Path 9 ++++++++++++++++++++++++++++++++++++++++++++++++++++++++++ 

Path Begin       : u_counter/count_50__i15/Q  (SLICE_R16C6A)
Path End         : u_counter/count_50__i15/D  (SLICE_R16C6A)
Source Clock     : clk (R)
Destination Clock: clk (R)
Logic Level      : 2
Delay Ratio      : 46.1% (route), 53.9% (logic)
Clock Skew       : 0.000 ns 
Hold Constraint  : 0.000 ns 
Path Slack       : 1.913 ns  (Passed)


Source Clock Path
Name                                      Cell/Site Name     Delay Name       Incr   Arrival/Required Time  Fanout  
----------------------------------------  -----------------  ---------------  -----  ---------------------  ------  
hf_osc/CLKHF                              HFOSC_HFOSC_R1C32  CLOCK LATENCY    0.000                  0.000  16      
u_counter/clk                                                NET DELAY        3.084                  3.084  16      
{u_counter/count_50__i15/CK   u_counter/count_50__i16/CK}
                                                             CLOCK PIN        0.000                  3.084  1       


Data Path
Name                                      Cell/Site Name     Delay Name       Incr   Arrival/Required Time  Fanout  
----------------------------------------  -----------------  ---------------  -----  ---------------------  ------  
u_counter/count_50__i15/CK->u_counter/count_50__i15/Q
                                          SLICE_R16C6A       CLK_TO_Q0_DELAY  0.779                  3.863  3       
u_counter/count[15]                                          NET DELAY        0.882                  4.745  3       
u_counter/count_50_add_4_17/C0->u_counter/count_50_add_4_17/S0
                                          SLICE_R16C6A       C0_TO_F0_DELAY   0.252                  4.997  1       
u_counter/n83[15]                                            NET DELAY        0.000                  4.997  1       
u_counter/count_50__i15/D                                    ENDPOINT         0.000                  4.997  1       


Destination Clock Path
Name                                      Cell/Site Name     Delay Name       Incr   Arrival/Required Time  Fanout  
----------------------------------------  -----------------  ---------------  -----  ---------------------  ------  
                                                             CONSTRAINT       0.000                  0.000  1       
hf_osc/CLKHF                              HFOSC_HFOSC_R1C32  CLOCK LATENCY    0.000                  0.000  16      
u_counter/clk                                                NET DELAY        3.084                  3.084  16      
{u_counter/count_50__i15/CK   u_counter/count_50__i16/CK}
                                                             CLOCK PIN        0.000                  3.084  1       
                                                             Uncertainty      0.000                  3.084  
                                                             Hold time        0.000                  3.084  
----------------------------------------  -----------------  ---------------  -----  ---------------------  ------  
Required Time                                                                                       -3.084  
Arrival Time                                                                                         4.997  
----------------------------------------  -----------------  ---------------  -----  ---------------------  ------  
Path Slack  (Passed)                                                                                 1.913  




++++ Path 10 ++++++++++++++++++++++++++++++++++++++++++++++++++++++++++ 

Path Begin       : u_counter/count_50__i16/Q  (SLICE_R16C6A)
Path End         : u_counter/count_50__i16/D  (SLICE_R16C6A)
Source Clock     : clk (R)
Destination Clock: clk (R)
Logic Level      : 2
Delay Ratio      : 46.1% (route), 53.9% (logic)
Clock Skew       : 0.000 ns 
Hold Constraint  : 0.000 ns 
Path Slack       : 1.913 ns  (Passed)


Source Clock Path
Name                                      Cell/Site Name     Delay Name       Incr   Arrival/Required Time  Fanout  
----------------------------------------  -----------------  ---------------  -----  ---------------------  ------  
hf_osc/CLKHF                              HFOSC_HFOSC_R1C32  CLOCK LATENCY    0.000                  0.000  16      
u_counter/clk                                                NET DELAY        3.084                  3.084  16      
{u_counter/count_50__i15/CK   u_counter/count_50__i16/CK}
                                                             CLOCK PIN        0.000                  3.084  1       


Data Path
Name                                      Cell/Site Name     Delay Name       Incr   Arrival/Required Time  Fanout  
----------------------------------------  -----------------  ---------------  -----  ---------------------  ------  
u_counter/count_50__i16/CK->u_counter/count_50__i16/Q
                                          SLICE_R16C6A       CLK_TO_Q1_DELAY  0.779                  3.863  3       
u_counter/count[16]                                          NET DELAY        0.882                  4.745  3       
u_counter/count_50_add_4_17/C1->u_counter/count_50_add_4_17/S1
                                          SLICE_R16C6A       C1_TO_F1_DELAY   0.252                  4.997  1       
u_counter/n83[16]                                            NET DELAY        0.000                  4.997  1       
u_counter/count_50__i16/D                                    ENDPOINT         0.000                  4.997  1       


Destination Clock Path
Name                                      Cell/Site Name     Delay Name       Incr   Arrival/Required Time  Fanout  
----------------------------------------  -----------------  ---------------  -----  ---------------------  ------  
                                                             CONSTRAINT       0.000                  0.000  1       
hf_osc/CLKHF                              HFOSC_HFOSC_R1C32  CLOCK LATENCY    0.000                  0.000  16      
u_counter/clk                                                NET DELAY        3.084                  3.084  16      
{u_counter/count_50__i15/CK   u_counter/count_50__i16/CK}
                                                             CLOCK PIN        0.000                  3.084  1       
                                                             Uncertainty      0.000                  3.084  
                                                             Hold time        0.000                  3.084  
----------------------------------------  -----------------  ---------------  -----  ---------------------  ------  
Required Time                                                                                       -3.084  
Arrival Time                                                                                         4.997  
----------------------------------------  -----------------  ---------------  -----  ---------------------  ------  
Path Slack  (Passed)                                                                                 1.913  



+++++++++++++++++++++++++++++++++++++++++++++++++++++++++++++++++++++ 
                    End of Detailed Report for timing paths 
+++++++++++++++++++++++++++++++++++++++++++++++++++++++++++++++++++++ 


##########################################################



