"C:/Users/gmenendezdealencar/Documents/GitHub/hmc-e155-portfolio/labFiles/lab3/fpga/Radiant/lab3_GA/source/impl_1/lab3_GA.sv=verilog,work,System Verilog"
"C:/Users/gmenendezdealencar/Documents/GitHub/hmc-e155-portfolio/labFiles/lab3/fpga/Radiant/lab3_GA/source/impl_1/synchronizer.sv=verilog,work,System Verilog"
"C:/Users/gmenendezdealencar/Documents/GitHub/hmc-e155-portfolio/labFiles/lab3/fpga/Radiant/lab3_GA/source/impl_1/scanner.sv=verilog,work,System Verilog"
"C:/Users/gmenendezdealencar/Documents/GitHub/hmc-e155-portfolio/labFiles/lab3/fpga/Radiant/lab3_GA/source/impl_1/key_decoder.sv=verilog,work,System Verilog"
"C:/Users/gmenendezdealencar/Documents/GitHub/hmc-e155-portfolio/labFiles/lab3/fpga/Radiant/lab3_GA/source/impl_1/key_control.sv=verilog,work,System Verilog"
"C:/Users/gmenendezdealencar/Documents/GitHub/hmc-e155-portfolio/labFiles/lab3/fpga/Radiant/lab3_GA/source/impl_1/display_mux.sv=verilog,work,System Verilog"
"C:/Users/gmenendezdealencar/Documents/GitHub/hmc-e155-portfolio/labFiles/lab3/fpga/Radiant/lab3_GA/source/impl_1/digit_reg.sv=verilog,work,System Verilog"
"C:/Users/gmenendezdealencar/Documents/GitHub/hmc-e155-portfolio/labFiles/lab3/fpga/Radiant/lab3_GA/source/impl_1/debouncer.sv=verilog,work,System Verilog"
"C:/Users/gmenendezdealencar/Documents/GitHub/hmc-e155-portfolio/labFiles/lab3/fpga/Radiant/lab3_GA/source/impl_1/counter.sv=verilog,work,System Verilog"
"C:/Users/gmenendezdealencar/Documents/GitHub/hmc-e155-portfolio/labFiles/lab3/fpga/Radiant/lab3_GA/source/impl_1/sevenseg_decoder.sv=verilog,work,System Verilog"
"C:/Users/gmenendezdealencar/Downloads/display_mux_tb.sv=verilog,work"
