# *** Summary *********************************************
#     qrun: Errors:   0, Warnings:   0
#     vlog: Errors:   0, Warnings:   0
#     vopt: Errors:   0, Warnings:   2
#   Totals: Errors:   0, Warnings:   2
# ** Note: (vsim-220) 'C:/lscc/radiant/2026.1/questasim/win64/../modelsim.ini' is used as the ini file.
# vsim -L work -L pmi_work -L ovi_ice40up -lib qrun.out/work -wlf vsim.wlf -gui -do "view wave" -do "add wave /*" -do "run 100 ns" -statslog qrun.out/stats_log qrun_opt -suppress vsim-7033,vsim-8630,3009,3389 -appendlog -l qrun.log 
# Start time: 10:07:33 on Sep 16,2026
# Loading sv_std.std
# Loading work.lab2_GA_tb(fast)
# Loading work.lab2_GA(fast)
# Loading ovi_ice40up.HSOSC(fast)
# Loading work.counter(fast)
# Loading work.sevenseg_decoder(fast)
# Loading work.scanner(fast)
# Loading work.counter(fast__1)
# Loading work.counter(fast__2)
# view wave
# .main_pane.wave.interior.cs.body.pw.wf
# add wave /*
# run 100 ns
# PASSED! The HSOSC produces a clock at time: 10000.
# PASSED! The anode mux selects digit 1 at time: 32000.
# PASSED! The decoder is wired correctly for digit 1 at time: 32000.
# PASSED! The column LED logic behaves as desired at time: 42000.
# PASSED! The column LED logic behaves as desired at time: 52000.
add wave -position insertpoint  \
sim:/lab2_GA_tb/dut/clk
add wave -position insertpoint  \
sim:/lab2_GA_tb/dut/MUX_W \
sim:/lab2_GA_tb/dut/MUX_MAX \
sim:/lab2_GA_tb/dut/SCAN_DIV \
sim:/lab2_GA_tb/dut/SCAN_DIV_W \
sim:/lab2_GA_tb/dut/s1 \
sim:/lab2_GA_tb/dut/s2 \
sim:/lab2_GA_tb/dut/cols \
sim:/lab2_GA_tb/dut/reset_b \
sim:/lab2_GA_tb/dut/seg \
sim:/lab2_GA_tb/dut/anode_n \
sim:/lab2_GA_tb/dut/rows \
sim:/lab2_GA_tb/dut/col_led \
sim:/lab2_GA_tb/dut/clk \
sim:/lab2_GA_tb/dut/mux_count \
sim:/lab2_GA_tb/dut/digit_sel \
sim:/lab2_GA_tb/dut/nibble \
sim:/lab2_GA_tb/dut/scan_en
run -all
# PASSED! The anode mux selects digit 2 at time: 199000.
# PASSED! The decoder is wired correctly for digit 2 at time: 199000.
# PASSED! The anode mux wraps back to digit 1 at time: 366000.
# PASSED! The scanner advances to the next row at time: 470000.
# ** Note: $stop    : C:/Users/gmenendezdealencar/Documents/GitHub/hmc-e155-portfolio/labFiles/lab2/fpga/sim/lab2_GA_tb.sv(112)
#    Time: 569720 ps  Iteration: 0  Instance: /lab2_GA_tb
# Break in Module lab2_GA_tb at C:/Users/gmenendezdealencar/Documents/GitHub/hmc-e155-portfolio/labFiles/lab2/fpga/sim/lab2_GA_tb.sv line 112
# Causality operation skipped due to absence of debug database file
restart -f
# Loading work.lab2_GA_tb(fast)
# Loading work.lab2_GA(fast)
# Loading ovi_ice40up.HSOSC(fast)
# Loading work.counter(fast)
# Loading work.sevenseg_decoder(fast)
# Loading work.scanner(fast)
# Loading work.counter(fast__1)
# Loading work.counter(fast__2)
run -all
# PASSED! The HSOSC produces a clock at time: 10000.
# PASSED! The anode mux selects digit 1 at time: 32000.
# PASSED! The decoder is wired correctly for digit 1 at time: 32000.
# PASSED! The column LED logic behaves as desired at time: 42000.
# PASSED! The column LED logic behaves as desired at time: 52000.
# PASSED! The anode mux selects digit 2 at time: 199000.
# PASSED! The decoder is wired correctly for digit 2 at time: 199000.
# PASSED! The anode mux wraps back to digit 1 at time: 366000.
# PASSED! The scanner advances to the next row at time: 470000.
# ** Note: $stop    : C:/Users/gmenendezdealencar/Documents/GitHub/hmc-e155-portfolio/labFiles/lab2/fpga/sim/lab2_GA_tb.sv(112)
#    Time: 569720 ps  Iteration: 0  Instance: /lab2_GA_tb
# Break in Module lab2_GA_tb at C:/Users/gmenendezdealencar/Documents/GitHub/hmc-e155-portfolio/labFiles/lab2/fpga/sim/lab2_GA_tb.sv line 112
restart -f
# Loading work.lab2_GA_tb(fast)
# Loading work.lab2_GA(fast)
# Loading ovi_ice40up.HSOSC(fast)
# Loading work.counter(fast)
# Loading work.sevenseg_decoder(fast)
# Loading work.scanner(fast)
# Loading work.counter(fast__1)
# Loading work.counter(fast__2)
run -all
# PASSED! The HSOSC produces a clock at time: 10000.
# PASSED! The anode mux selects digit 1 at time: 32000.
# PASSED! The decoder is wired correctly for digit 1 at time: 32000.
# PASSED! The column LED logic behaves as desired at time: 42000.
# PASSED! The column LED logic behaves as desired at time: 52000.
# PASSED! The anode mux selects digit 2 at time: 199000.
# PASSED! The decoder is wired correctly for digit 2 at time: 199000.
# PASSED! The anode mux wraps back to digit 1 at time: 366000.
# PASSED! The scanner advances to the next row at time: 470000.
# ** Note: $stop    : C:/Users/gmenendezdealencar/Documents/GitHub/hmc-e155-portfolio/labFiles/lab2/fpga/sim/lab2_GA_tb.sv(112)
#    Time: 569720 ps  Iteration: 0  Instance: /lab2_GA_tb
# Break in Module lab2_GA_tb at C:/Users/gmenendezdealencar/Documents/GitHub/hmc-e155-portfolio/labFiles/lab2/fpga/sim/lab2_GA_tb.sv line 112
# End time: 10:15:19 on Sep 16,2026, Elapsed time: 0:07:46
# Errors: 0, Warnings: 0
